login success!
logout success!
{
  "id": 77,
  "provider": "cninfo_sse_szse",
  "scope": "a-share-filings-background:all:universe",
  "status": "partial",
  "started_at": "2026-06-12T20:30:08",
  "finished_at": "2026-06-12T20:30:46",
  "requested_symbol_count": 0,
  "updated_symbol_count": 0,
  "requested_symbols_sample": [],
  "updated_symbols_sample": [],
  "counts": {
    "symbols": 7262,
    "filings": 0,
    "symbols_refreshed": 0,
    "no_data_symbols": 0,
    "failed_symbols": 60,
    "batches": 3,
    "batch_size": 20,
    "batch_sleep_seconds": 0.8,
    "source": "all",
    "days": 180,
    "target_start": "2025-12-14",
    "target_end": "2026-06-12",
    "requested_symbol_count": 0,
    "remaining_candidates": 7216,
    "last_progress_at": "2026-06-12T20:30:46",
    "last_batch_symbol_count": 20,
    "consecutive_error_batches": 3,
    "consecutive_no_progress_batches": 3,
    "paused_after_error_batches": true
  },
  "errors": [
    {
      "symbol": "001313.SZ",
      "source": "all",
      "error": "Remote end closed connection without response"
    },
    {
      "symbol": "001314.SZ",
      "source": "all",
      "error": "Remote end closed connection without response"
    },
    {
      "symbol": "001316.SZ",
      "source": "all",
      "error": "Remote end closed connection without response"
    },
    {
      "symbol": "001317.SZ",
      "source": "all",
      "error": "Remote end closed connection without response"
    },
    {
      "symbol": "001318.SZ",
      "source": "all",
      "error": "Remote end closed connection without response"
    },
    {
      "symbol": "001319.SZ",
      "source": "all",
      "error": "Remote end closed connection without response"
    },
    {
      "symbol": "001322.SZ",
      "source": "all",
      "error": "Remote end closed connection without response"
    },
    {
      "symbol": "001323.SZ",
      "source": "all",
      "error": "Remote end closed connection without response"
    },
    {
      "symbol": "001324.SZ",
      "source": "all",
      "error": "Remote end closed connection without response"
    },
    {
      "symbol": "001325.SZ",
      "source": "all",
      "error": "Remote end closed connection without response"
    },
    {
      "symbol": "001326.SZ",
      "source": "all",
      "error": "Remote end closed connection without response"
    },
    {
      "symbol": "001328.SZ",
      "source": "all",
      "error": "Remote end closed connection without response"
    },
    {
      "symbol": "001330.SZ",
      "source": "all",
      "error": "Remote end closed connection without response"
    },
    {
      "symbol": "001331.SZ",
      "source": "all",
      "error": "Remote end closed connection without response"
    },
    {
      "symbol": "001332.SZ",
      "source": "all",
      "error": "Remote end closed connection without response"
    },
    {
      "symbol": "001333.SZ",
      "source": "all",
      "error": "Remote end closed connection without response"
    },
    {
      "symbol": "001335.SZ",
      "source": "all",
      "error": "Remote end closed connection without response"
    },
    {
      "symbol": "001336.SZ",
      "source": "all",
      "error": "Remote end closed connection without response"
    },
    {
      "symbol": "001337.SZ",
      "source": "all",
      "error": "Remote end closed connection without response"
    },
    {
      "symbol": "001338.SZ",
      "source": "all",
      "error": "Remote end closed connection without response"
    },
    {
      "symbol": "001339.SZ",
      "source": "all",
      "error": "Remote end closed connection without response"
    },
    {
      "symbol": "001356.SZ",
      "source": "all",
      "error": "Remote end closed connection without response"
    },
    {
      "symbol": "001358.SZ",
      "source": "all",
      "error": "Remote end closed connection without response"
    },
    {
      "symbol": "001359.SZ",
      "source": "all",
      "error": "Remote end closed connection without response"
    },
    {
      "symbol": "001360.SZ",
      "source": "all",
      "error": "Remote end closed connection without response"
    },
    {
      "symbol": "001365.SZ",
      "source": "all",
      "error": "Remote end closed connection without response"
    },
    {
      "symbol": "001366.SZ",
      "source": "all",
      "error": "Remote end closed connection without response"
    },
    {
      "symbol": "001367.SZ",
      "source": "all",
      "error": "Remote end closed connection without response"
    },
    {
      "symbol": "001368.SZ",
      "source": "all",
      "error": "Remote end closed connection without response"
    },
    {
      "symbol": "001369.SZ",
      "source": "all",
      "error": "Remote end closed connection without response"
    },
    {
      "symbol": "001373.SZ",
      "source": "all",
      "error": "Remote end closed connection without response"
    },
    {
      "symbol": "001376.SZ",
      "source": "all",
      "error": "Remote end closed connection without response"
    },
    {
      "symbol": "001378.SZ",
      "source": "all",
      "error": "Remote end closed connection without response"
    },
    {
      "symbol": "001379.SZ",
      "source": "all",
      "error": "Remote end closed connection without response"
    },
    {
      "symbol": "001380.SZ",
      "source": "all",
      "error": "Remote end closed connection without response"
    },
    {
      "symbol": "001382.SZ",
      "source": "all",
      "error": "Remote end closed connection without response"
    },
    {
      "symbol": "001386.SZ",
      "source": "all",
      "error": "Remote end closed connection without response"
    },
    {
      "symbol": "001387.SZ",
      "source": "all",
      "error": "Remote end closed connection without response"
    },
    {
      "symbol": "001388.SZ",
      "source": "all",
      "error": "Remote end closed connection without response"
    },
    {
      "symbol": "001389.SZ",
      "source": "all",
      "error": "Remote end closed connection without response"
    },
    {
      "symbol": "001390.SZ",
      "source": "all",
      "error": "Remote end closed connection without response"
    },
    {
      "symbol": "001391.SZ",
      "source": "all",
      "error": "Remote end closed connection without response"
    },
    {
      "symbol": "001393.SZ",
      "source": "all",
      "error": "Remote end closed connection without response"
    },
    {
      "symbol": "001395.SZ",
      "source": "all",
      "error": "Remote end closed connection without response"
    },
    {
      "symbol": "001396.SZ",
      "source": "all",
      "error": "Remote end closed connection without response"
    },
    {
      "symbol": "001400.SZ",
      "source": "all",
      "error": "Remote end closed connection without response"
    },
    {
      "symbol": "001696.SZ",
      "source": "all",
      "error": "Remote end closed connection without response"
    },
    {
      "symbol": "001872.SZ",
      "source": "all",
      "error": "Remote end closed connection without response"
    },
    {
      "symbol": "001896.SZ",
      "source": "all",
      "error": "Remote end closed connection without response"
    },
    {
      "symbol": "001914.SZ",
      "source": "all",
      "error": "Remote end closed connection without response"
    },
    {
      "symbol": "001965.SZ",
      "source": "all",
      "error": "Remote end closed connection without response"
    },
    {
      "symbol": "001979.SZ",
      "source": "all",
      "error": "Remote end closed connection without response"
    },
    {
      "symbol": "002001.SZ",
      "source": "all",
      "error": "Remote end closed connection without response"
    },
    {
      "symbol": "002003.SZ",
      "source": "all",
      "error": "Remote end closed connection without response"
    },
    {
      "symbol": "002004.SZ",
      "source": "all",
      "error": "Remote end closed connection without response"
    },
    {
      "symbol": "002005.SZ",
      "source": "all",
      "error": "Remote end closed connection without response"
    },
    {
      "symbol": "002006.SZ",
      "source": "all",
      "error": "Remote end closed connection without response"
    },
    {
      "symbol": "002007.SZ",
      "source": "all",
      "error": "Remote end closed connection without response"
    },
    {
      "symbol": "002008.SZ",
      "source": "all",
      "error": "Remote end closed connection without response"
    },
    {
      "symbol": "002009.SZ",
      "source": "all",
      "error": "Remote end closed connection without response"
    }
  ],
  "warehouse": {
    "symbols": 7596,
    "aliases": 37782,
    "daily_bars": 1101036,
    "financial_metrics": 22363,
    "filings": 9446,
    "company_reports": 255,
    "latest_daily_bar": "2026-06-12"
  }
}
{
  "id": 86,
  "provider": "cninfo_sse_szse",
  "scope": "a-share-filings-background:all",
  "status": "partial",
  "started_at": "2026-06-13T01:15:08",
  "finished_at": "2026-06-13T01:15:43",
  "requested_symbol_count": 0,
  "updated_symbol_count": 0,
  "requested_symbols_sample": [],
  "updated_symbols_sample": [],
  "counts": {
    "symbols": 0,
    "filings": 0,
    "symbols_refreshed": 0,
    "no_data_symbols": 0,
    "failed_symbols": 30,
    "batches": 3,
    "batch_size": 10,
    "batch_sleep_seconds": 0.8,
    "source": "all",
    "days": 180,
    "target_start": "2025-12-15",
    "target_end": "2026-06-13",
    "requested_symbol_count": 0,
    "last_batch_symbol_count": 10,
    "remaining_candidates": 7435,
    "consecutive_error_batches": 3,
    "consecutive_no_progress_batches": 3,
    "last_progress_at": "2026-06-13T01:15:43",
    "paused_after_error_batches": true
  },
  "errors": [
    {
      "symbol": "002010.SZ",
      "source": "all",
      "error": "Remote end closed connection without response"
    },
    {
      "symbol": "002011.SZ",
      "source": "all",
      "error": "Remote end closed connection without response"
    },
    {
      "symbol": "002012.SZ",
      "source": "all",
      "error": "Remote end closed connection without response"
    },
    {
      "symbol": "002014.SZ",
      "source": "all",
      "error": "Remote end closed connection without response"
    },
    {
      "symbol": "002015.SZ",
      "source": "all",
      "error": "Remote end closed connection without response"
    },
    {
      "symbol": "002016.SZ",
      "source": "all",
      "error": "Remote end closed connection without response"
    },
    {
      "symbol": "002017.SZ",
      "source": "all",
      "error": "Remote end closed connection without response"
    },
    {
      "symbol": "002019.SZ",
      "source": "all",
      "error": "Remote end closed connection without response"
    },
    {
      "symbol": "002020.SZ",
      "source": "all",
      "error": "Remote end closed connection without response"
    },
    {
      "symbol": "002021.SZ",
      "source": "all",
      "error": "Remote end closed connection without response"
    },
    {
      "symbol": "002022.SZ",
      "source": "all",
      "error": "Remote end closed connection without response"
    },
    {
      "symbol": "002023.SZ",
      "source": "all",
      "error": "Remote end closed connection without response"
    },
    {
      "symbol": "002024.SZ",
      "source": "all",
      "error": "Remote end closed connection without response"
    },
    {
      "symbol": "002025.SZ",
      "source": "all",
      "error": "Remote end closed connection without response"
    },
    {
      "symbol": "002026.SZ",
      "source": "all",
      "error": "Remote end closed connection without response"
    },
    {
      "symbol": "002027.SZ",
      "source": "all",
      "error": "Remote end closed connection without response"
    },
    {
      "symbol": "002028.SZ",
      "source": "all",
      "error": "Remote end closed connection without response"
    },
    {
      "symbol": "002029.SZ",
      "source": "all",
      "error": "Remote end closed connection without response"
    },
    {
      "symbol": "002030.SZ",
      "source": "all",
      "error": "Remote end closed connection without response"
    },
    {
      "symbol": "002031.SZ",
      "source": "all",
      "error": "Remote end closed connection without response"
    },
    {
      "symbol": "002032.SZ",
      "source": "all",
      "error": "Remote end closed connection without response"
    },
    {
      "symbol": "002033.SZ",
      "source": "all",
      "error": "Remote end closed connection without response"
    },
    {
      "symbol": "002034.SZ",
      "source": "all",
      "error": "Remote end closed connection without response"
    },
    {
      "symbol": "002035.SZ",
      "source": "all",
      "error": "Remote end closed connection without response"
    },
    {
      "symbol": "002036.SZ",
      "source": "all",
      "error": "Remote end closed connection without response"
    },
    {
      "symbol": "002037.SZ",
      "source": "all",
      "error": "Remote end closed connection without response"
    },
    {
      "symbol": "002038.SZ",
      "source": "all",
      "error": "Remote end closed connection without response"
    },
    {
      "symbol": "002039.SZ",
      "source": "all",
      "error": "Remote end closed connection without response"
    },
    {
      "symbol": "002040.SZ",
      "source": "all",
      "error": "Remote end closed connection without response"
    },
    {
      "symbol": "002041.SZ",
      "source": "all",
      "error": "Remote end closed connection without response"
    }
  ],
  "warehouse": {
    "symbols": 7596,
    "aliases": 37782,
    "daily_bars": 1101705,
    "financial_metrics": 22395,
    "filings": 9506,
    "company_reports": 259,
    "community_posts": 419,
    "sentiment_evidence": 682,
    "sentiment_snapshots": 13,
    "latest_daily_bar": "2026-06-12"
  }
}
{
  "id": 89,
  "provider": "cninfo_sse_szse",
  "scope": "a-share-filings-background:all",
  "status": "partial",
  "started_at": "2026-06-13T02:16:03",
  "finished_at": "2026-06-13T02:16:19",
  "requested_symbol_count": 0,
  "updated_symbol_count": 0,
  "requested_symbols_sample": [],
  "updated_symbols_sample": [],
  "counts": {
    "symbols": 0,
    "filings": 0,
    "symbols_refreshed": 0,
    "no_data_symbols": 0,
    "failed_symbols": 30,
    "batches": 3,
    "batch_size": 10,
    "batch_sleep_seconds": 0.8,
    "source": "all",
    "days": 180,
    "target_start": "2025-12-15",
    "target_end": "2026-06-13",
    "requested_symbol_count": 0,
    "last_batch_symbol_count": 10,
    "remaining_candidates": 7435,
    "consecutive_error_batches": 3,
    "consecutive_no_progress_batches": 3,
    "last_progress_at": "2026-06-13T02:16:19",
    "paused_after_error_batches": true
  },
  "errors": [
    {
      "symbol": "002042.SZ",
      "source": "all",
      "error": "Remote end closed connection without response"
    },
    {
      "symbol": "002043.SZ",
      "source": "all",
      "error": "Remote end closed connection without response"
    },
    {
      "symbol": "002044.SZ",
      "source": "all",
      "error": "Remote end closed connection without response"
    },
    {
      "symbol": "002045.SZ",
      "source": "all",
      "error": "Remote end closed connection without response"
    },
    {
      "symbol": "002046.SZ",
      "source": "all",
      "error": "Remote end closed connection without response"
    },
    {
      "symbol": "002047.SZ",
      "source": "all",
      "error": "Remote end closed connection without response"
    },
    {
      "symbol": "002048.SZ",
      "source": "all",
      "error": "Remote end closed connection without response"
    },
    {
      "symbol": "002049.SZ",
      "source": "all",
      "error": "Remote end closed connection without response"
    },
    {
      "symbol": "002050.SZ",
      "source": "all",
      "error": "Remote end closed connection without response"
    },
    {
      "symbol": "002051.SZ",
      "source": "all",
      "error": "Remote end closed connection without response"
    },
    {
      "symbol": "002052.SZ",
      "source": "all",
      "error": "Remote end closed connection without response"
    },
    {
      "symbol": "002053.SZ",
      "source": "all",
      "error": "Remote end closed connection without response"
    },
    {
      "symbol": "002054.SZ",
      "source": "all",
      "error": "Remote end closed connection without response"
    },
    {
      "symbol": "002055.SZ",
      "source": "all",
      "error": "Remote end closed connection without response"
    },
    {
      "symbol": "002056.SZ",
      "source": "all",
      "error": "Remote end closed connection without response"
    },
    {
      "symbol": "002057.SZ",
      "source": "all",
      "error": "Remote end closed connection without response"
    },
    {
      "symbol": "002058.SZ",
      "source": "all",
      "error": "Remote end closed connection without response"
    },
    {
      "symbol": "002059.SZ",
      "source": "all",
      "error": "Remote end closed connection without response"
    },
    {
      "symbol": "002060.SZ",
      "source": "all",
      "error": "Remote end closed connection without response"
    },
    {
      "symbol": "002061.SZ",
      "source": "all",
      "error": "Remote end closed connection without response"
    },
    {
      "symbol": "002062.SZ",
      "source": "all",
      "error": "Remote end closed connection without response"
    },
    {
      "symbol": "002063.SZ",
      "source": "all",
      "error": "Remote end closed connection without response"
    },
    {
      "symbol": "002064.SZ",
      "source": "all",
      "error": "Remote end closed connection without response"
    },
    {
      "symbol": "002065.SZ",
      "source": "all",
      "error": "Remote end closed connection without response"
    },
    {
      "symbol": "002066.SZ",
      "source": "all",
      "error": "Remote end closed connection without response"
    },
    {
      "symbol": "002067.SZ",
      "source": "all",
      "error": "Remote end closed connection without response"
    },
    {
      "symbol": "002068.SZ",
      "source": "all",
      "error": "Remote end closed connection without response"
    },
    {
      "symbol": "002069.SZ",
      "source": "all",
      "error": "Remote end closed connection without response"
    },
    {
      "symbol": "002072.SZ",
      "source": "all",
      "error": "Remote end closed connection without response"
    },
    {
      "symbol": "002073.SZ",
      "source": "all",
      "error": "Remote end closed connection without response"
    }
  ],
  "warehouse": {
    "symbols": 7596,
    "aliases": 37782,
    "daily_bars": 1102596,
    "financial_metrics": 22431,
    "filings": 9506,
    "company_reports": 259,
    "community_posts": 419,
    "sentiment_evidence": 771,
    "sentiment_snapshots": 14,
    "latest_daily_bar": "2026-06-12"
  }
}
{
  "id": 92,
  "provider": "cninfo_sse_szse",
  "scope": "a-share-filings-background:all",
  "status": "partial",
  "started_at": "2026-06-13T02:46:08",
  "finished_at": "2026-06-13T02:46:22",
  "requested_symbol_count": 0,
  "updated_symbol_count": 0,
  "requested_symbols_sample": [],
  "updated_symbols_sample": [],
  "counts": {
    "symbols": 0,
    "filings": 0,
    "symbols_refreshed": 0,
    "no_data_symbols": 0,
    "failed_symbols": 30,
    "batches": 3,
    "batch_size": 10,
    "batch_sleep_seconds": 0.8,
    "source": "all",
    "days": 180,
    "target_start": "2025-12-15",
    "target_end": "2026-06-13",
    "requested_symbol_count": 0,
    "last_batch_symbol_count": 10,
    "remaining_candidates": 7435,
    "consecutive_error_batches": 3,
    "consecutive_no_progress_batches": 3,
    "last_progress_at": "2026-06-13T02:46:22",
    "paused_after_error_batches": true
  },
  "errors": [
    {
      "symbol": "002074.SZ",
      "source": "all",
      "error": "Remote end closed connection without response"
    },
    {
      "symbol": "002075.SZ",
      "source": "all",
      "error": "Remote end closed connection without response"
    },
    {
      "symbol": "002076.SZ",
      "source": "all",
      "error": "Remote end closed connection without response"
    },
    {
      "symbol": "002077.SZ",
      "source": "all",
      "error": "Remote end closed connection without response"
    },
    {
      "symbol": "002078.SZ",
      "source": "all",
      "error": "Remote end closed connection without response"
    },
    {
      "symbol": "002079.SZ",
      "source": "all",
      "error": "Remote end closed connection without response"
    },
    {
      "symbol": "002080.SZ",
      "source": "all",
      "error": "Remote end closed connection without response"
    },
    {
      "symbol": "002081.SZ",
      "source": "all",
      "error": "Remote end closed connection without response"
    },
    {
      "symbol": "002082.SZ",
      "source": "all",
      "error": "Remote end closed connection without response"
    },
    {
      "symbol": "002083.SZ",
      "source": "all",
      "error": "Remote end closed connection without response"
    },
    {
      "symbol": "002084.SZ",
      "source": "all",
      "error": "Remote end closed connection without response"
    },
    {
      "symbol": "002085.SZ",
      "source": "all",
      "error": "Remote end closed connection without response"
    },
    {
      "symbol": "002086.SZ",
      "source": "all",
      "error": "Remote end closed connection without response"
    },
    {
      "symbol": "002088.SZ",
      "source": "all",
      "error": "Remote end closed connection without response"
    },
    {
      "symbol": "002090.SZ",
      "source": "all",
      "error": "Remote end closed connection without response"
    },
    {
      "symbol": "002091.SZ",
      "source": "all",
      "error": "Remote end closed connection without response"
    },
    {
      "symbol": "002092.SZ",
      "source": "all",
      "error": "Remote end closed connection without response"
    },
    {
      "symbol": "002093.SZ",
      "source": "all",
      "error": "Remote end closed connection without response"
    },
    {
      "symbol": "002094.SZ",
      "source": "all",
      "error": "Remote end closed connection without response"
    },
    {
      "symbol": "002095.SZ",
      "source": "all",
      "error": "Remote end closed connection without response"
    },
    {
      "symbol": "002096.SZ",
      "source": "all",
      "error": "Remote end closed connection without response"
    },
    {
      "symbol": "002097.SZ",
      "source": "all",
      "error": "Remote end closed connection without response"
    },
    {
      "symbol": "002098.SZ",
      "source": "all",
      "error": "Remote end closed connection without response"
    },
    {
      "symbol": "002099.SZ",
      "source": "all",
      "error": "Remote end closed connection without response"
    },
    {
      "symbol": "002100.SZ",
      "source": "all",
      "error": "Remote end closed connection without response"
    },
    {
      "symbol": "002101.SZ",
      "source": "all",
      "error": "Remote end closed connection without response"
    },
    {
      "symbol": "002102.SZ",
      "source": "all",
      "error": "Remote end closed connection without response"
    },
    {
      "symbol": "002103.SZ",
      "source": "all",
      "error": "Remote end closed connection without response"
    },
    {
      "symbol": "002104.SZ",
      "source": "all",
      "error": "Remote end closed connection without response"
    },
    {
      "symbol": "002105.SZ",
      "source": "all",
      "error": "Remote end closed connection without response"
    }
  ],
  "warehouse": {
    "symbols": 7596,
    "aliases": 37782,
    "daily_bars": 1103557,
    "financial_metrics": 22467,
    "filings": 9506,
    "company_reports": 261,
    "community_posts": 419,
    "sentiment_evidence": 771,
    "sentiment_snapshots": 14,
    "latest_daily_bar": "2026-06-12"
  }
}
{
  "id": 93,
  "provider": "cninfo_sse_szse",
  "scope": "a-share-filings-background:all",
  "status": "partial",
  "started_at": "2026-06-13T03:01:10",
  "finished_at": "2026-06-13T03:01:25",
  "requested_symbol_count": 0,
  "updated_symbol_count": 0,
  "requested_symbols_sample": [],
  "updated_symbols_sample": [],
  "counts": {
    "symbols": 0,
    "filings": 0,
    "symbols_refreshed": 0,
    "no_data_symbols": 0,
    "failed_symbols": 30,
    "batches": 3,
    "batch_size": 10,
    "batch_sleep_seconds": 0.8,
    "source": "all",
    "days": 180,
    "target_start": "2025-12-15",
    "target_end": "2026-06-13",
    "requested_symbol_count": 0,
    "last_batch_symbol_count": 10,
    "remaining_candidates": 7435,
    "consecutive_error_batches": 3,
    "consecutive_no_progress_batches": 3,
    "last_progress_at": "2026-06-13T03:01:25",
    "paused_after_error_batches": true
  },
  "errors": [
    {
      "symbol": "002106.SZ",
      "source": "all",
      "error": "Remote end closed connection without response"
    },
    {
      "symbol": "002107.SZ",
      "source": "all",
      "error": "Remote end closed connection without response"
    },
    {
      "symbol": "002108.SZ",
      "source": "all",
      "error": "Remote end closed connection without response"
    },
    {
      "symbol": "002109.SZ",
      "source": "all",
      "error": "Remote end closed connection without response"
    },
    {
      "symbol": "002110.SZ",
      "source": "all",
      "error": "Remote end closed connection without response"
    },
    {
      "symbol": "002111.SZ",
      "source": "all",
      "error": "Remote end closed connection without response"
    },
    {
      "symbol": "002112.SZ",
      "source": "all",
      "error": "Remote end closed connection without response"
    },
    {
      "symbol": "002114.SZ",
      "source": "all",
      "error": "Remote end closed connection without response"
    },
    {
      "symbol": "002115.SZ",
      "source": "all",
      "error": "Remote end closed connection without response"
    },
    {
      "symbol": "002116.SZ",
      "source": "all",
      "error": "Remote end closed connection without response"
    },
    {
      "symbol": "002117.SZ",
      "source": "all",
      "error": "Remote end closed connection without response"
    },
    {
      "symbol": "002119.SZ",
      "source": "all",
      "error": "Remote end closed connection without response"
    },
    {
      "symbol": "002120.SZ",
      "source": "all",
      "error": "Remote end closed connection without response"
    },
    {
      "symbol": "002121.SZ",
      "source": "all",
      "error": "Remote end closed connection without response"
    },
    {
      "symbol": "002122.SZ",
      "source": "all",
      "error": "Remote end closed connection without response"
    },
    {
      "symbol": "002123.SZ",
      "source": "all",
      "error": "Remote end closed connection without response"
    },
    {
      "symbol": "002124.SZ",
      "source": "all",
      "error": "Remote end closed connection without response"
    },
    {
      "symbol": "002125.SZ",
      "source": "all",
      "error": "Remote end closed connection without response"
    },
    {
      "symbol": "002126.SZ",
      "source": "all",
      "error": "Remote end closed connection without response"
    },
    {
      "symbol": "002127.SZ",
      "source": "all",
      "error": "Remote end closed connection without response"
    },
    {
      "symbol": "002128.SZ",
      "source": "all",
      "error": "Remote end closed connection without response"
    },
    {
      "symbol": "002129.SZ",
      "source": "all",
      "error": "Remote end closed connection without response"
    },
    {
      "symbol": "002130.SZ",
      "source": "all",
      "error": "Remote end closed connection without response"
    },
    {
      "symbol": "002131.SZ",
      "source": "all",
      "error": "Remote end closed connection without response"
    },
    {
      "symbol": "002132.SZ",
      "source": "all",
      "error": "Remote end closed connection without response"
    },
    {
      "symbol": "002133.SZ",
      "source": "all",
      "error": "Remote end closed connection without response"
    },
    {
      "symbol": "002134.SZ",
      "source": "all",
      "error": "Remote end closed connection without response"
    },
    {
      "symbol": "002135.SZ",
      "source": "all",
      "error": "Remote end closed connection without response"
    },
    {
      "symbol": "002136.SZ",
      "source": "all",
      "error": "Remote end closed connection without response"
    },
    {
      "symbol": "002137.SZ",
      "source": "all",
      "error": "Remote end closed connection without response"
    }
  ],
  "warehouse": {
    "symbols": 7596,
    "aliases": 37782,
    "daily_bars": 1103812,
    "financial_metrics": 22503,
    "filings": 9506,
    "company_reports": 261,
    "community_posts": 419,
    "sentiment_evidence": 771,
    "sentiment_snapshots": 14,
    "latest_daily_bar": "2026-06-12"
  }
}
{
  "id": 95,
  "provider": "cninfo_sse_szse",
  "scope": "a-share-filings-background:all",
  "status": "partial",
  "started_at": "2026-06-13T03:31:14",
  "finished_at": "2026-06-13T03:31:31",
  "requested_symbol_count": 0,
  "updated_symbol_count": 0,
  "requested_symbols_sample": [],
  "updated_symbols_sample": [],
  "counts": {
    "symbols": 0,
    "filings": 0,
    "symbols_refreshed": 0,
    "no_data_symbols": 0,
    "failed_symbols": 30,
    "batches": 3,
    "batch_size": 10,
    "batch_sleep_seconds": 0.8,
    "source": "all",
    "days": 180,
    "target_start": "2025-12-15",
    "target_end": "2026-06-13",
    "requested_symbol_count": 0,
    "last_batch_symbol_count": 10,
    "remaining_candidates": 7435,
    "consecutive_error_batches": 3,
    "consecutive_no_progress_batches": 3,
    "last_progress_at": "2026-06-13T03:31:31",
    "paused_after_error_batches": true
  },
  "errors": [
    {
      "symbol": "002138.SZ",
      "source": "all",
      "error": "Remote end closed connection without response"
    },
    {
      "symbol": "002139.SZ",
      "source": "all",
      "error": "Remote end closed connection without response"
    },
    {
      "symbol": "002140.SZ",
      "source": "all",
      "error": "Remote end closed connection without response"
    },
    {
      "symbol": "002141.SZ",
      "source": "all",
      "error": "Remote end closed connection without response"
    },
    {
      "symbol": "002142.SZ",
      "source": "all",
      "error": "Remote end closed connection without response"
    },
    {
      "symbol": "002144.SZ",
      "source": "all",
      "error": "Remote end closed connection without response"
    },
    {
      "symbol": "002145.SZ",
      "source": "all",
      "error": "Remote end closed connection without response"
    },
    {
      "symbol": "002146.SZ",
      "source": "all",
      "error": "Remote end closed connection without response"
    },
    {
      "symbol": "002148.SZ",
      "source": "all",
      "error": "Remote end closed connection without response"
    },
    {
      "symbol": "002149.SZ",
      "source": "all",
      "error": "Remote end closed connection without response"
    },
    {
      "symbol": "002150.SZ",
      "source": "all",
      "error": "Remote end closed connection without response"
    },
    {
      "symbol": "002151.SZ",
      "source": "all",
      "error": "Remote end closed connection without response"
    },
    {
      "symbol": "002152.SZ",
      "source": "all",
      "error": "Remote end closed connection without response"
    },
    {
      "symbol": "002153.SZ",
      "source": "all",
      "error": "Remote end closed connection without response"
    },
    {
      "symbol": "002154.SZ",
      "source": "all",
      "error": "Remote end closed connection without response"
    },
    {
      "symbol": "002155.SZ",
      "source": "all",
      "error": "Remote end closed connection without response"
    },
    {
      "symbol": "002156.SZ",
      "source": "all",
      "error": "Remote end closed connection without response"
    },
    {
      "symbol": "002157.SZ",
      "source": "all",
      "error": "Remote end closed connection without response"
    },
    {
      "symbol": "002158.SZ",
      "source": "all",
      "error": "Remote end closed connection without response"
    },
    {
      "symbol": "002159.SZ",
      "source": "all",
      "error": "Remote end closed connection without response"
    },
    {
      "symbol": "002160.SZ",
      "source": "all",
      "error": "Remote end closed connection without response"
    },
    {
      "symbol": "002161.SZ",
      "source": "all",
      "error": "Remote end closed connection without response"
    },
    {
      "symbol": "002162.SZ",
      "source": "all",
      "error": "Remote end closed connection without response"
    },
    {
      "symbol": "002163.SZ",
      "source": "all",
      "error": "Remote end closed connection without response"
    },
    {
      "symbol": "002164.SZ",
      "source": "all",
      "error": "Remote end closed connection without response"
    },
    {
      "symbol": "002165.SZ",
      "source": "all",
      "error": "Remote end closed connection without response"
    },
    {
      "symbol": "002166.SZ",
      "source": "all",
      "error": "Remote end closed connection without response"
    },
    {
      "symbol": "002167.SZ",
      "source": "all",
      "error": "Remote end closed connection without response"
    },
    {
      "symbol": "002168.SZ",
      "source": "all",
      "error": "Remote end closed connection without response"
    },
    {
      "symbol": "002169.SZ",
      "source": "all",
      "error": "Remote end closed connection without response"
    }
  ],
  "warehouse": {
    "symbols": 7596,
    "aliases": 37782,
    "daily_bars": 1104723,
    "financial_metrics": 22551,
    "filings": 9506,
    "company_reports": 263,
    "community_posts": 419,
    "sentiment_evidence": 771,
    "sentiment_snapshots": 14,
    "latest_daily_bar": "2026-06-12"
  }
}
{
  "id": 97,
  "provider": "cninfo_sse_szse",
  "scope": "a-share-filings-background:all",
  "status": "partial",
  "started_at": "2026-06-13T04:01:19",
  "finished_at": "2026-06-13T04:01:56",
  "requested_symbol_count": 0,
  "updated_symbol_count": 0,
  "requested_symbols_sample": [],
  "updated_symbols_sample": [],
  "counts": {
    "symbols": 0,
    "filings": 0,
    "symbols_refreshed": 0,
    "no_data_symbols": 0,
    "failed_symbols": 30,
    "batches": 3,
    "batch_size": 10,
    "batch_sleep_seconds": 0.8,
    "source": "all",
    "days": 180,
    "target_start": "2025-12-15",
    "target_end": "2026-06-13",
    "requested_symbol_count": 0,
    "last_batch_symbol_count": 10,
    "remaining_candidates": 7435,
    "consecutive_error_batches": 3,
    "consecutive_no_progress_batches": 3,
    "last_progress_at": "2026-06-13T04:01:56",
    "paused_after_error_batches": true
  },
  "errors": [
    {
      "symbol": "002170.SZ",
      "source": "all",
      "error": "Remote end closed connection without response"
    },
    {
      "symbol": "002171.SZ",
      "source": "all",
      "error": "Remote end closed connection without response"
    },
    {
      "symbol": "002172.SZ",
      "source": "all",
      "error": "Remote end closed connection without response"
    },
    {
      "symbol": "002173.SZ",
      "source": "all",
      "error": "Remote end closed connection without response"
    },
    {
      "symbol": "002174.SZ",
      "source": "all",
      "error": "Remote end closed connection without response"
    },
    {
      "symbol": "002175.SZ",
      "source": "all",
      "error": "Remote end closed connection without response"
    },
    {
      "symbol": "002176.SZ",
      "source": "all",
      "error": "Remote end closed connection without response"
    },
    {
      "symbol": "002177.SZ",
      "source": "all",
      "error": "Remote end closed connection without response"
    },
    {
      "symbol": "002178.SZ",
      "source": "all",
      "error": "Remote end closed connection without response"
    },
    {
      "symbol": "002179.SZ",
      "source": "all",
      "error": "Remote end closed connection without response"
    },
    {
      "symbol": "002180.SZ",
      "source": "all",
      "error": "Remote end closed connection without response"
    },
    {
      "symbol": "002181.SZ",
      "source": "all",
      "error": "Remote end closed connection without response"
    },
    {
      "symbol": "002182.SZ",
      "source": "all",
      "error": "Remote end closed connection without response"
    },
    {
      "symbol": "002183.SZ",
      "source": "all",
      "error": "Remote end closed connection without response"
    },
    {
      "symbol": "002184.SZ",
      "source": "all",
      "error": "Remote end closed connection without response"
    },
    {
      "symbol": "002185.SZ",
      "source": "all",
      "error": "Remote end closed connection without response"
    },
    {
      "symbol": "002186.SZ",
      "source": "all",
      "error": "Remote end closed connection without response"
    },
    {
      "symbol": "002187.SZ",
      "source": "all",
      "error": "Remote end closed connection without response"
    },
    {
      "symbol": "002188.SZ",
      "source": "all",
      "error": "Remote end closed connection without response"
    },
    {
      "symbol": "002189.SZ",
      "source": "all",
      "error": "Remote end closed connection without response"
    },
    {
      "symbol": "002190.SZ",
      "source": "all",
      "error": "Remote end closed connection without response"
    },
    {
      "symbol": "002191.SZ",
      "source": "all",
      "error": "Remote end closed connection without response"
    },
    {
      "symbol": "002192.SZ",
      "source": "all",
      "error": "Remote end closed connection without response"
    },
    {
      "symbol": "002193.SZ",
      "source": "all",
      "error": "Remote end closed connection without response"
    },
    {
      "symbol": "002194.SZ",
      "source": "all",
      "error": "Remote end closed connection without response"
    },
    {
      "symbol": "002195.SZ",
      "source": "all",
      "error": "Remote end closed connection without response"
    },
    {
      "symbol": "002196.SZ",
      "source": "all",
      "error": "Remote end closed connection without response"
    },
    {
      "symbol": "002197.SZ",
      "source": "all",
      "error": "Remote end closed connection without response"
    },
    {
      "symbol": "002198.SZ",
      "source": "all",
      "error": "Remote end closed connection without response"
    },
    {
      "symbol": "002199.SZ",
      "source": "all",
      "error": "Remote end closed connection without response"
    }
  ],
  "warehouse": {
    "symbols": 7596,
    "aliases": 37782,
    "daily_bars": 1105413,
    "financial_metrics": 22599,
    "filings": 9506,
    "company_reports": 264,
    "community_posts": 419,
    "sentiment_evidence": 771,
    "sentiment_snapshots": 14,
    "latest_daily_bar": "2026-06-12"
  }
}
{
  "id": 98,
  "provider": "cninfo_sse_szse",
  "scope": "a-share-filings-background:all",
  "status": "partial",
  "started_at": "2026-06-13T04:16:21",
  "finished_at": "2026-06-13T04:16:37",
  "requested_symbol_count": 0,
  "updated_symbol_count": 0,
  "requested_symbols_sample": [],
  "updated_symbols_sample": [],
  "counts": {
    "symbols": 0,
    "filings": 0,
    "symbols_refreshed": 0,
    "no_data_symbols": 0,
    "failed_symbols": 30,
    "batches": 3,
    "batch_size": 10,
    "batch_sleep_seconds": 0.8,
    "source": "all",
    "days": 180,
    "target_start": "2025-12-15",
    "target_end": "2026-06-13",
    "requested_symbol_count": 0,
    "last_batch_symbol_count": 10,
    "remaining_candidates": 7435,
    "consecutive_error_batches": 3,
    "consecutive_no_progress_batches": 3,
    "last_progress_at": "2026-06-13T04:16:37",
    "paused_after_error_batches": true
  },
  "errors": [
    {
      "symbol": "002200.SZ",
      "source": "all",
      "error": "Remote end closed connection without response"
    },
    {
      "symbol": "002201.SZ",
      "source": "all",
      "error": "Remote end closed connection without response"
    },
    {
      "symbol": "002202.SZ",
      "source": "all",
      "error": "Remote end closed connection without response"
    },
    {
      "symbol": "002203.SZ",
      "source": "all",
      "error": "Remote end closed connection without response"
    },
    {
      "symbol": "002204.SZ",
      "source": "all",
      "error": "Remote end closed connection without response"
    },
    {
      "symbol": "002205.SZ",
      "source": "all",
      "error": "Remote end closed connection without response"
    },
    {
      "symbol": "002206.SZ",
      "source": "all",
      "error": "Remote end closed connection without response"
    },
    {
      "symbol": "002207.SZ",
      "source": "all",
      "error": "Remote end closed connection without response"
    },
    {
      "symbol": "002208.SZ",
      "source": "all",
      "error": "Remote end closed connection without response"
    },
    {
      "symbol": "002209.SZ",
      "source": "all",
      "error": "Remote end closed connection without response"
    },
    {
      "symbol": "002210.SZ",
      "source": "all",
      "error": "Remote end closed connection without response"
    },
    {
      "symbol": "002211.SZ",
      "source": "all",
      "error": "Remote end closed connection without response"
    },
    {
      "symbol": "002212.SZ",
      "source": "all",
      "error": "Remote end closed connection without response"
    },
    {
      "symbol": "002213.SZ",
      "source": "all",
      "error": "Remote end closed connection without response"
    },
    {
      "symbol": "002214.SZ",
      "source": "all",
      "error": "Remote end closed connection without response"
    },
    {
      "symbol": "002215.SZ",
      "source": "all",
      "error": "Remote end closed connection without response"
    },
    {
      "symbol": "002216.SZ",
      "source": "all",
      "error": "Remote end closed connection without response"
    },
    {
      "symbol": "002217.SZ",
      "source": "all",
      "error": "Remote end closed connection without response"
    },
    {
      "symbol": "002218.SZ",
      "source": "all",
      "error": "Remote end closed connection without response"
    },
    {
      "symbol": "002219.SZ",
      "source": "all",
      "error": "Remote end closed connection without response"
    },
    {
      "symbol": "002221.SZ",
      "source": "all",
      "error": "Remote end closed connection without response"
    },
    {
      "symbol": "002222.SZ",
      "source": "all",
      "error": "Remote end closed connection without response"
    },
    {
      "symbol": "002223.SZ",
      "source": "all",
      "error": "Remote end closed connection without response"
    },
    {
      "symbol": "002224.SZ",
      "source": "all",
      "error": "Remote end closed connection without response"
    },
    {
      "symbol": "002225.SZ",
      "source": "all",
      "error": "Remote end closed connection without response"
    },
    {
      "symbol": "002226.SZ",
      "source": "all",
      "error": "Remote end closed connection without response"
    },
    {
      "symbol": "002227.SZ",
      "source": "all",
      "error": "Remote end closed connection without response"
    },
    {
      "symbol": "002228.SZ",
      "source": "all",
      "error": "Remote end closed connection without response"
    },
    {
      "symbol": "002229.SZ",
      "source": "all",
      "error": "Remote end closed connection without response"
    },
    {
      "symbol": "002230.SZ",
      "source": "all",
      "error": "Remote end closed connection without response"
    }
  ],
  "warehouse": {
    "symbols": 7596,
    "aliases": 37782,
    "daily_bars": 1105964,
    "financial_metrics": 22599,
    "filings": 9506,
    "company_reports": 264,
    "community_posts": 419,
    "sentiment_evidence": 771,
    "sentiment_snapshots": 14,
    "latest_daily_bar": "2026-06-12"
  }
}
{
  "id": 111,
  "provider": "cninfo_sse_szse",
  "scope": "a-share-filings-background:all",
  "status": "partial",
  "started_at": "2026-06-13T07:31:54",
  "finished_at": "2026-06-13T07:32:09",
  "requested_symbol_count": 0,
  "updated_symbol_count": 0,
  "requested_symbols_sample": [],
  "updated_symbols_sample": [],
  "counts": {
    "symbols": 0,
    "filings": 0,
    "symbols_refreshed": 0,
    "no_data_symbols": 0,
    "failed_symbols": 30,
    "batches": 3,
    "batch_size": 10,
    "batch_sleep_seconds": 0.8,
    "source": "all",
    "days": 180,
    "target_start": "2025-12-15",
    "target_end": "2026-06-13",
    "requested_symbol_count": 0,
    "last_batch_symbol_count": 10,
    "remaining_candidates": 7435,
    "consecutive_error_batches": 3,
    "consecutive_no_progress_batches": 3,
    "last_progress_at": "2026-06-13T07:32:09",
    "paused_after_error_batches": true
  },
  "errors": [
    {
      "symbol": "002232.SZ",
      "source": "all",
      "error": "Remote end closed connection without response"
    },
    {
      "symbol": "002233.SZ",
      "source": "all",
      "error": "Remote end closed connection without response"
    },
    {
      "symbol": "002234.SZ",
      "source": "all",
      "error": "Remote end closed connection without response"
    },
    {
      "symbol": "002235.SZ",
      "source": "all",
      "error": "Remote end closed connection without response"
    },
    {
      "symbol": "002236.SZ",
      "source": "all",
      "error": "Remote end closed connection without response"
    },
    {
      "symbol": "002237.SZ",
      "source": "all",
      "error": "Remote end closed connection without response"
    },
    {
      "symbol": "002238.SZ",
      "source": "all",
      "error": "Remote end closed connection without response"
    },
    {
      "symbol": "002239.SZ",
      "source": "all",
      "error": "Remote end closed connection without response"
    },
    {
      "symbol": "002240.SZ",
      "source": "all",
      "error": "Remote end closed connection without response"
    },
    {
      "symbol": "002241.SZ",
      "source": "all",
      "error": "Remote end closed connection without response"
    },
    {
      "symbol": "002242.SZ",
      "source": "all",
      "error": "Remote end closed connection without response"
    },
    {
      "symbol": "002243.SZ",
      "source": "all",
      "error": "Remote end closed connection without response"
    },
    {
      "symbol": "002244.SZ",
      "source": "all",
      "error": "Remote end closed connection without response"
    },
    {
      "symbol": "002245.SZ",
      "source": "all",
      "error": "Remote end closed connection without response"
    },
    {
      "symbol": "002246.SZ",
      "source": "all",
      "error": "Remote end closed connection without response"
    },
    {
      "symbol": "002247.SZ",
      "source": "all",
      "error": "Remote end closed connection without response"
    },
    {
      "symbol": "002248.SZ",
      "source": "all",
      "error": "Remote end closed connection without response"
    },
    {
      "symbol": "002249.SZ",
      "source": "all",
      "error": "Remote end closed connection without response"
    },
    {
      "symbol": "002250.SZ",
      "source": "all",
      "error": "Remote end closed connection without response"
    },
    {
      "symbol": "002251.SZ",
      "source": "all",
      "error": "Remote end closed connection without response"
    },
    {
      "symbol": "002252.SZ",
      "source": "all",
      "error": "Remote end closed connection without response"
    },
    {
      "symbol": "002253.SZ",
      "source": "all",
      "error": "Remote end closed connection without response"
    },
    {
      "symbol": "002254.SZ",
      "source": "all",
      "error": "Remote end closed connection without response"
    },
    {
      "symbol": "002255.SZ",
      "source": "all",
      "error": "Remote end closed connection without response"
    },
    {
      "symbol": "002256.SZ",
      "source": "all",
      "error": "Remote end closed connection without response"
    },
    {
      "symbol": "002258.SZ",
      "source": "all",
      "error": "Remote end closed connection without response"
    },
    {
      "symbol": "002259.SZ",
      "source": "all",
      "error": "Remote end closed connection without response"
    },
    {
      "symbol": "002261.SZ",
      "source": "all",
      "error": "Remote end closed connection without response"
    },
    {
      "symbol": "002262.SZ",
      "source": "all",
      "error": "Remote end closed connection without response"
    },
    {
      "symbol": "002263.SZ",
      "source": "all",
      "error": "Remote end closed connection without response"
    }
  ],
  "warehouse": {
    "symbols": 7596,
    "aliases": 37782,
    "daily_bars": 1112335,
    "financial_metrics": 22875,
    "filings": 9506,
    "company_reports": 268,
    "community_posts": 419,
    "sentiment_evidence": 771,
    "sentiment_snapshots": 14,
    "latest_daily_bar": "2026-06-12"
  }
}
{
  "id": 115,
  "provider": "cninfo_sse_szse",
  "scope": "a-share-filings-background:all",
  "status": "partial",
  "started_at": "2026-06-13T08:32:03",
  "finished_at": "2026-06-13T08:32:19",
  "requested_symbol_count": 0,
  "updated_symbol_count": 0,
  "requested_symbols_sample": [],
  "updated_symbols_sample": [],
  "counts": {
    "symbols": 0,
    "filings": 0,
    "symbols_refreshed": 0,
    "no_data_symbols": 0,
    "failed_symbols": 30,
    "batches": 3,
    "batch_size": 10,
    "batch_sleep_seconds": 0.8,
    "source": "all",
    "days": 180,
    "target_start": "2025-12-15",
    "target_end": "2026-06-13",
    "requested_symbol_count": 0,
    "last_batch_symbol_count": 10,
    "remaining_candidates": 7435,
    "consecutive_error_batches": 3,
    "consecutive_no_progress_batches": 3,
    "last_progress_at": "2026-06-13T08:32:19",
    "paused_after_error_batches": true
  },
  "errors": [
    {
      "symbol": "002264.SZ",
      "source": "all",
      "error": "Remote end closed connection without response"
    },
    {
      "symbol": "002265.SZ",
      "source": "all",
      "error": "Remote end closed connection without response"
    },
    {
      "symbol": "002266.SZ",
      "source": "all",
      "error": "Remote end closed connection without response"
    },
    {
      "symbol": "002267.SZ",
      "source": "all",
      "error": "Remote end closed connection without response"
    },
    {
      "symbol": "002268.SZ",
      "source": "all",
      "error": "Remote end closed connection without response"
    },
    {
      "symbol": "002269.SZ",
      "source": "all",
      "error": "Remote end closed connection without response"
    },
    {
      "symbol": "002270.SZ",
      "source": "all",
      "error": "Remote end closed connection without response"
    },
    {
      "symbol": "002271.SZ",
      "source": "all",
      "error": "Remote end closed connection without response"
    },
    {
      "symbol": "002272.SZ",
      "source": "all",
      "error": "Remote end closed connection without response"
    },
    {
      "symbol": "002273.SZ",
      "source": "all",
      "error": "Remote end closed connection without response"
    },
    {
      "symbol": "002274.SZ",
      "source": "all",
      "error": "Remote end closed connection without response"
    },
    {
      "symbol": "002275.SZ",
      "source": "all",
      "error": "Remote end closed connection without response"
    },
    {
      "symbol": "002276.SZ",
      "source": "all",
      "error": "Remote end closed connection without response"
    },
    {
      "symbol": "002277.SZ",
      "source": "all",
      "error": "Remote end closed connection without response"
    },
    {
      "symbol": "002278.SZ",
      "source": "all",
      "error": "Remote end closed connection without response"
    },
    {
      "symbol": "002279.SZ",
      "source": "all",
      "error": "Remote end closed connection without response"
    },
    {
      "symbol": "002281.SZ",
      "source": "all",
      "error": "Remote end closed connection without response"
    },
    {
      "symbol": "002282.SZ",
      "source": "all",
      "error": "Remote end closed connection without response"
    },
    {
      "symbol": "002283.SZ",
      "source": "all",
      "error": "Remote end closed connection without response"
    },
    {
      "symbol": "002284.SZ",
      "source": "all",
      "error": "Remote end closed connection without response"
    },
    {
      "symbol": "002285.SZ",
      "source": "all",
      "error": "Remote end closed connection without response"
    },
    {
      "symbol": "002286.SZ",
      "source": "all",
      "error": "Remote end closed connection without response"
    },
    {
      "symbol": "002287.SZ",
      "source": "all",
      "error": "Remote end closed connection without response"
    },
    {
      "symbol": "002289.SZ",
      "source": "all",
      "error": "Remote end closed connection without response"
    },
    {
      "symbol": "002290.SZ",
      "source": "all",
      "error": "Remote end closed connection without response"
    },
    {
      "symbol": "002291.SZ",
      "source": "all",
      "error": "Remote end closed connection without response"
    },
    {
      "symbol": "002292.SZ",
      "source": "all",
      "error": "Remote end closed connection without response"
    },
    {
      "symbol": "002293.SZ",
      "source": "all",
      "error": "Remote end closed connection without response"
    },
    {
      "symbol": "002294.SZ",
      "source": "all",
      "error": "Remote end closed connection without response"
    },
    {
      "symbol": "002295.SZ",
      "source": "all",
      "error": "Remote end closed connection without response"
    }
  ],
  "warehouse": {
    "symbols": 7596,
    "aliases": 37782,
    "daily_bars": 1113830,
    "financial_metrics": 22935,
    "filings": 9506,
    "company_reports": 268,
    "community_posts": 419,
    "sentiment_evidence": 771,
    "sentiment_snapshots": 14,
    "latest_daily_bar": "2026-06-12"
  }
}
{
  "id": 119,
  "provider": "cninfo_sse_szse",
  "scope": "a-share-filings-background:all",
  "status": "partial",
  "started_at": "2026-06-13T09:32:13",
  "finished_at": "2026-06-13T09:32:48",
  "requested_symbol_count": 0,
  "updated_symbol_count": 1,
  "requested_symbols_sample": [],
  "updated_symbols_sample": [
    "002296.SZ"
  ],
  "counts": {
    "symbols": 0,
    "filings": 27,
    "symbols_refreshed": 1,
    "no_data_symbols": 0,
    "failed_symbols": 39,
    "batches": 4,
    "batch_size": 10,
    "batch_sleep_seconds": 0.8,
    "source": "all",
    "days": 180,
    "target_start": "2025-12-15",
    "target_end": "2026-06-13",
    "requested_symbol_count": 0,
    "last_batch_symbol_count": 10,
    "remaining_candidates": 7434,
    "consecutive_error_batches": 3,
    "consecutive_no_progress_batches": 3,
    "last_progress_at": "2026-06-13T09:32:48",
    "paused_after_error_batches": true
  },
  "errors": [
    {
      "symbol": "002296.SZ",
      "source": "szse",
      "error": "_ssl.c:993: The handshake operation timed out"
    },
    {
      "symbol": "002297.SZ",
      "source": "all",
      "error": "Remote end closed connection without response"
    },
    {
      "symbol": "002298.SZ",
      "source": "all",
      "error": "Remote end closed connection without response"
    },
    {
      "symbol": "002299.SZ",
      "source": "all",
      "error": "Remote end closed connection without response"
    },
    {
      "symbol": "002300.SZ",
      "source": "all",
      "error": "Remote end closed connection without response"
    },
    {
      "symbol": "002301.SZ",
      "source": "all",
      "error": "Remote end closed connection without response"
    },
    {
      "symbol": "002302.SZ",
      "source": "all",
      "error": "Remote end closed connection without response"
    },
    {
      "symbol": "002303.SZ",
      "source": "all",
      "error": "Remote end closed connection without response"
    },
    {
      "symbol": "002304.SZ",
      "source": "all",
      "error": "Remote end closed connection without response"
    },
    {
      "symbol": "002305.SZ",
      "source": "all",
      "error": "Remote end closed connection without response"
    },
    {
      "symbol": "002306.SZ",
      "source": "all",
      "error": "Remote end closed connection without response"
    },
    {
      "symbol": "002307.SZ",
      "source": "all",
      "error": "Remote end closed connection without response"
    },
    {
      "symbol": "002309.SZ",
      "source": "all",
      "error": "Remote end closed connection without response"
    },
    {
      "symbol": "002310.SZ",
      "source": "all",
      "error": "Remote end closed connection without response"
    },
    {
      "symbol": "002311.SZ",
      "source": "all",
      "error": "Remote end closed connection without response"
    },
    {
      "symbol": "002312.SZ",
      "source": "all",
      "error": "Remote end closed connection without response"
    },
    {
      "symbol": "002313.SZ",
      "source": "all",
      "error": "Remote end closed connection without response"
    },
    {
      "symbol": "002314.SZ",
      "source": "all",
      "error": "Remote end closed connection without response"
    },
    {
      "symbol": "002315.SZ",
      "source": "all",
      "error": "Remote end closed connection without response"
    },
    {
      "symbol": "002316.SZ",
      "source": "all",
      "error": "Remote end closed connection without response"
    },
    {
      "symbol": "002317.SZ",
      "source": "all",
      "error": "Remote end closed connection without response"
    },
    {
      "symbol": "002318.SZ",
      "source": "all",
      "error": "Remote end closed connection without response"
    },
    {
      "symbol": "002319.SZ",
      "source": "all",
      "error": "Remote end closed connection without response"
    },
    {
      "symbol": "002320.SZ",
      "source": "all",
      "error": "Remote end closed connection without response"
    },
    {
      "symbol": "002321.SZ",
      "source": "all",
      "error": "Remote end closed connection without response"
    },
    {
      "symbol": "002322.SZ",
      "source": "all",
      "error": "Remote end closed connection without response"
    },
    {
      "symbol": "002323.SZ",
      "source": "all",
      "error": "Remote end closed connection without response"
    },
    {
      "symbol": "002324.SZ",
      "source": "all",
      "error": "Remote end closed connection without response"
    },
    {
      "symbol": "002326.SZ",
      "source": "all",
      "error": "Remote end closed connection without response"
    },
    {
      "symbol": "002327.SZ",
      "source": "all",
      "error": "Remote end closed connection without response"
    },
    {
      "symbol": "002328.SZ",
      "source": "all",
      "error": "Remote end closed connection without response"
    },
    {
      "symbol": "002329.SZ",
      "source": "all",
      "error": "Remote end closed connection without response"
    },
    {
      "symbol": "002330.SZ",
      "source": "all",
      "error": "Remote end closed connection without response"
    },
    {
      "symbol": "002331.SZ",
      "source": "all",
      "error": "Remote end closed connection without response"
    },
    {
      "symbol": "002332.SZ",
      "source": "all",
      "error": "Remote end closed connection without response"
    },
    {
      "symbol": "002333.SZ",
      "source": "all",
      "error": "Remote end closed connection without response"
    },
    {
      "symbol": "002334.SZ",
      "source": "all",
      "error": "Remote end closed connection without response"
    },
    {
      "symbol": "002335.SZ",
      "source": "all",
      "error": "Remote end closed connection without response"
    },
    {
      "symbol": "002337.SZ",
      "source": "all",
      "error": "Remote end closed connection without response"
    },
    {
      "symbol": "002338.SZ",
      "source": "all",
      "error": "Remote end closed connection without response"
    }
  ],
  "warehouse": {
    "symbols": 7596,
    "aliases": 37782,
    "daily_bars": 1116332,
    "financial_metrics": 22983,
    "filings": 9533,
    "company_reports": 269,
    "community_posts": 419,
    "sentiment_evidence": 771,
    "sentiment_snapshots": 14,
    "latest_daily_bar": "2026-06-12"
  }
}
{
  "id": 137,
  "provider": "cninfo_sse_szse",
  "scope": "a-share-filings-background:all",
  "status": "partial",
  "started_at": "2026-06-13T14:02:57",
  "finished_at": "2026-06-13T14:04:58",
  "requested_symbol_count": 0,
  "updated_symbol_count": 29,
  "requested_symbols_sample": [],
  "updated_symbols_sample": [
    "002339.SZ",
    "002340.SZ",
    "002342.SZ",
    "002343.SZ",
    "002344.SZ",
    "002345.SZ",
    "002346.SZ",
    "002347.SZ",
    "002348.SZ",
    "002349.SZ",
    "002350.SZ",
    "002351.SZ",
    "002352.SZ",
    "002353.SZ",
    "002354.SZ",
    "002355.SZ",
    "002356.SZ",
    "002357.SZ",
    "002358.SZ",
    "002360.SZ",
    "002361.SZ",
    "002362.SZ",
    "002363.SZ",
    "002364.SZ",
    "002365.SZ",
    "002366.SZ",
    "002367.SZ",
    "002368.SZ",
    "002369.SZ"
  ],
  "counts": {
    "symbols": 0,
    "filings": 1740,
    "symbols_refreshed": 29,
    "no_data_symbols": 0,
    "failed_symbols": 31,
    "batches": 6,
    "batch_size": 10,
    "batch_sleep_seconds": 0.8,
    "source": "all",
    "days": 180,
    "target_start": "2025-12-15",
    "target_end": "2026-06-13",
    "requested_symbol_count": 0,
    "last_batch_symbol_count": 10,
    "remaining_candidates": 7405,
    "consecutive_error_batches": 3,
    "consecutive_no_progress_batches": 3,
    "last_progress_at": "2026-06-13T14:04:58",
    "paused_after_error_batches": true
  },
  "errors": [
    {
      "symbol": "002370.SZ",
      "source": "all",
      "error": "Remote end closed connection without response"
    },
    {
      "symbol": "002371.SZ",
      "source": "all",
      "error": "Remote end closed connection without response"
    },
    {
      "symbol": "002372.SZ",
      "source": "all",
      "error": "Remote end closed connection without response"
    },
    {
      "symbol": "002373.SZ",
      "source": "all",
      "error": "Remote end closed connection without response"
    },
    {
      "symbol": "002374.SZ",
      "source": "all",
      "error": "Remote end closed connection without response"
    },
    {
      "symbol": "002375.SZ",
      "source": "all",
      "error": "Remote end closed connection without response"
    },
    {
      "symbol": "002376.SZ",
      "source": "all",
      "error": "Remote end closed connection without response"
    },
    {
      "symbol": "002377.SZ",
      "source": "all",
      "error": "Remote end closed connection without response"
    },
    {
      "symbol": "002378.SZ",
      "source": "all",
      "error": "Remote end closed connection without response"
    },
    {
      "symbol": "002379.SZ",
      "source": "all",
      "error": "Remote end closed connection without response"
    },
    {
      "symbol": "002380.SZ",
      "source": "all",
      "error": "Remote end closed connection without response"
    },
    {
      "symbol": "002381.SZ",
      "source": "all",
      "error": "Remote end closed connection without response"
    },
    {
      "symbol": "002382.SZ",
      "source": "all",
      "error": "Remote end closed connection without response"
    },
    {
      "symbol": "002383.SZ",
      "source": "all",
      "error": "Remote end closed connection without response"
    },
    {
      "symbol": "002384.SZ",
      "source": "all",
      "error": "Remote end closed connection without response"
    },
    {
      "symbol": "002385.SZ",
      "source": "all",
      "error": "Remote end closed connection without response"
    },
    {
      "symbol": "002386.SZ",
      "source": "all",
      "error": "Remote end closed connection without response"
    },
    {
      "symbol": "002387.SZ",
      "source": "all",
      "error": "Remote end closed connection without response"
    },
    {
      "symbol": "002388.SZ",
      "source": "all",
      "error": "Remote end closed connection without response"
    },
    {
      "symbol": "002389.SZ",
      "source": "all",
      "error": "Remote end closed connection without response"
    },
    {
      "symbol": "002390.SZ",
      "source": "all",
      "error": "Remote end closed connection without response"
    },
    {
      "symbol": "002391.SZ",
      "source": "all",
      "error": "Remote end closed connection without response"
    },
    {
      "symbol": "002392.SZ",
      "source": "all",
      "error": "Remote end closed connection without response"
    },
    {
      "symbol": "002393.SZ",
      "source": "all",
      "error": "Remote end closed connection without response"
    },
    {
      "symbol": "002394.SZ",
      "source": "all",
      "error": "Remote end closed connection without response"
    },
    {
      "symbol": "002395.SZ",
      "source": "all",
      "error": "Remote end closed connection without response"
    },
    {
      "symbol": "002396.SZ",
      "source": "all",
      "error": "Remote end closed connection without response"
    },
    {
      "symbol": "002397.SZ",
      "source": "all",
      "error": "Remote end closed connection without response"
    },
    {
      "symbol": "002398.SZ",
      "source": "all",
      "error": "Remote end closed connection without response"
    },
    {
      "symbol": "002399.SZ",
      "source": "all",
      "error": "Remote end closed connection without response"
    },
    {
      "symbol": "002400.SZ",
      "source": "all",
      "error": "Remote end closed connection without response"
    }
  ],
  "warehouse": {
    "symbols": 7596,
    "aliases": 37782,
    "daily_bars": 1125457,
    "financial_metrics": 23367,
    "filings": 11273,
    "company_reports": 273,
    "community_posts": 419,
    "sentiment_evidence": 771,
    "sentiment_snapshots": 14,
    "latest_daily_bar": "2026-06-12"
  }
}
{
  "id": 141,
  "provider": "cninfo_sse_szse",
  "scope": "a-share-filings-background:all",
  "status": "partial",
  "started_at": "2026-06-13T15:03:07",
  "finished_at": "2026-06-13T15:03:22",
  "requested_symbol_count": 0,
  "updated_symbol_count": 0,
  "requested_symbols_sample": [],
  "updated_symbols_sample": [],
  "counts": {
    "symbols": 0,
    "filings": 0,
    "symbols_refreshed": 0,
    "no_data_symbols": 0,
    "failed_symbols": 30,
    "batches": 3,
    "batch_size": 10,
    "batch_sleep_seconds": 0.8,
    "source": "all",
    "days": 180,
    "target_start": "2025-12-15",
    "target_end": "2026-06-13",
    "requested_symbol_count": 0,
    "last_batch_symbol_count": 10,
    "remaining_candidates": 7405,
    "consecutive_error_batches": 3,
    "consecutive_no_progress_batches": 3,
    "last_progress_at": "2026-06-13T15:03:22",
    "paused_after_error_batches": true
  },
  "errors": [
    {
      "symbol": "002401.SZ",
      "source": "all",
      "error": "Remote end closed connection without response"
    },
    {
      "symbol": "002402.SZ",
      "source": "all",
      "error": "Remote end closed connection without response"
    },
    {
      "symbol": "002403.SZ",
      "source": "all",
      "error": "Remote end closed connection without response"
    },
    {
      "symbol": "002404.SZ",
      "source": "all",
      "error": "Remote end closed connection without response"
    },
    {
      "symbol": "002405.SZ",
      "source": "all",
      "error": "Remote end closed connection without response"
    },
    {
      "symbol": "002406.SZ",
      "source": "all",
      "error": "Remote end closed connection without response"
    },
    {
      "symbol": "002407.SZ",
      "source": "all",
      "error": "Remote end closed connection without response"
    },
    {
      "symbol": "002408.SZ",
      "source": "all",
      "error": "Remote end closed connection without response"
    },
    {
      "symbol": "002409.SZ",
      "source": "all",
      "error": "Remote end closed connection without response"
    },
    {
      "symbol": "002410.SZ",
      "source": "all",
      "error": "Remote end closed connection without response"
    },
    {
      "symbol": "002412.SZ",
      "source": "all",
      "error": "Remote end closed connection without response"
    },
    {
      "symbol": "002413.SZ",
      "source": "all",
      "error": "Remote end closed connection without response"
    },
    {
      "symbol": "002414.SZ",
      "source": "all",
      "error": "Remote end closed connection without response"
    },
    {
      "symbol": "002415.SZ",
      "source": "all",
      "error": "Remote end closed connection without response"
    },
    {
      "symbol": "002416.SZ",
      "source": "all",
      "error": "Remote end closed connection without response"
    },
    {
      "symbol": "002418.SZ",
      "source": "all",
      "error": "Remote end closed connection without response"
    },
    {
      "symbol": "002419.SZ",
      "source": "all",
      "error": "Remote end closed connection without response"
    },
    {
      "symbol": "002420.SZ",
      "source": "all",
      "error": "Remote end closed connection without response"
    },
    {
      "symbol": "002421.SZ",
      "source": "all",
      "error": "Remote end closed connection without response"
    },
    {
      "symbol": "002422.SZ",
      "source": "all",
      "error": "Remote end closed connection without response"
    },
    {
      "symbol": "002423.SZ",
      "source": "all",
      "error": "Remote end closed connection without response"
    },
    {
      "symbol": "002424.SZ",
      "source": "all",
      "error": "Remote end closed connection without response"
    },
    {
      "symbol": "002425.SZ",
      "source": "all",
      "error": "Remote end closed connection without response"
    },
    {
      "symbol": "002426.SZ",
      "source": "all",
      "error": "Remote end closed connection without response"
    },
    {
      "symbol": "002427.SZ",
      "source": "all",
      "error": "Remote end closed connection without response"
    },
    {
      "symbol": "002428.SZ",
      "source": "all",
      "error": "Remote end closed connection without response"
    },
    {
      "symbol": "002429.SZ",
      "source": "all",
      "error": "Remote end closed connection without response"
    },
    {
      "symbol": "002430.SZ",
      "source": "all",
      "error": "Remote end closed connection without response"
    },
    {
      "symbol": "002431.SZ",
      "source": "all",
      "error": "Remote end closed connection without response"
    },
    {
      "symbol": "002432.SZ",
      "source": "all",
      "error": "Remote end closed connection without response"
    }
  ],
  "warehouse": {
    "symbols": 7596,
    "aliases": 37782,
    "daily_bars": 1125687,
    "financial_metrics": 23463,
    "filings": 11273,
    "company_reports": 273,
    "community_posts": 424,
    "sentiment_evidence": 873,
    "sentiment_snapshots": 17,
    "community_sentiment_daily": 1,
    "latest_daily_bar": "2026-06-12"
  }
}
{
  "id": 145,
  "provider": "cninfo_sse_szse",
  "scope": "a-share-filings-background:all",
  "status": "partial",
  "started_at": "2026-06-13T15:48:16",
  "finished_at": "2026-06-13T15:48:32",
  "requested_symbol_count": 0,
  "updated_symbol_count": 0,
  "requested_symbols_sample": [],
  "updated_symbols_sample": [],
  "counts": {
    "symbols": 0,
    "filings": 0,
    "symbols_refreshed": 0,
    "no_data_symbols": 0,
    "failed_symbols": 30,
    "batches": 3,
    "batch_size": 10,
    "batch_sleep_seconds": 0.8,
    "source": "all",
    "days": 180,
    "target_start": "2025-12-15",
    "target_end": "2026-06-13",
    "requested_symbol_count": 0,
    "filing_dedupe_checked_rows": 10946,
    "filing_duplicate_groups": 0,
    "duplicate_filings_deleted": 0,
    "duplicate_filing_evidence_deleted": 0,
    "last_batch_symbol_count": 10,
    "remaining_candidates": 7406,
    "consecutive_error_batches": 3,
    "consecutive_no_progress_batches": 3,
    "last_progress_at": "2026-06-13T15:48:32",
    "paused_after_error_batches": true
  },
  "errors": [
    {
      "symbol": "002434.SZ",
      "source": "all",
      "error": "Remote end closed connection without response"
    },
    {
      "symbol": "002436.SZ",
      "source": "all",
      "error": "Remote end closed connection without response"
    },
    {
      "symbol": "002437.SZ",
      "source": "all",
      "error": "Remote end closed connection without response"
    },
    {
      "symbol": "002438.SZ",
      "source": "all",
      "error": "Remote end closed connection without response"
    },
    {
      "symbol": "002439.SZ",
      "source": "all",
      "error": "Remote end closed connection without response"
    },
    {
      "symbol": "002440.SZ",
      "source": "all",
      "error": "Remote end closed connection without response"
    },
    {
      "symbol": "002441.SZ",
      "source": "all",
      "error": "Remote end closed connection without response"
    },
    {
      "symbol": "002442.SZ",
      "source": "all",
      "error": "Remote end closed connection without response"
    },
    {
      "symbol": "002443.SZ",
      "source": "all",
      "error": "Remote end closed connection without response"
    },
    {
      "symbol": "002444.SZ",
      "source": "all",
      "error": "Remote end closed connection without response"
    },
    {
      "symbol": "002445.SZ",
      "source": "all",
      "error": "Remote end closed connection without response"
    },
    {
      "symbol": "002446.SZ",
      "source": "all",
      "error": "Remote end closed connection without response"
    },
    {
      "symbol": "002448.SZ",
      "source": "all",
      "error": "Remote end closed connection without response"
    },
    {
      "symbol": "002449.SZ",
      "source": "all",
      "error": "Remote end closed connection without response"
    },
    {
      "symbol": "002451.SZ",
      "source": "all",
      "error": "Remote end closed connection without response"
    },
    {
      "symbol": "002452.SZ",
      "source": "all",
      "error": "Remote end closed connection without response"
    },
    {
      "symbol": "002453.SZ",
      "source": "all",
      "error": "Remote end closed connection without response"
    },
    {
      "symbol": "002454.SZ",
      "source": "all",
      "error": "Remote end closed connection without response"
    },
    {
      "symbol": "002455.SZ",
      "source": "all",
      "error": "Remote end closed connection without response"
    },
    {
      "symbol": "002456.SZ",
      "source": "all",
      "error": "Remote end closed connection without response"
    },
    {
      "symbol": "002457.SZ",
      "source": "all",
      "error": "Remote end closed connection without response"
    },
    {
      "symbol": "002458.SZ",
      "source": "all",
      "error": "Remote end closed connection without response"
    },
    {
      "symbol": "002459.SZ",
      "source": "all",
      "error": "Remote end closed connection without response"
    },
    {
      "symbol": "002460.SZ",
      "source": "all",
      "error": "Remote end closed connection without response"
    },
    {
      "symbol": "002461.SZ",
      "source": "all",
      "error": "Remote end closed connection without response"
    },
    {
      "symbol": "002462.SZ",
      "source": "all",
      "error": "Remote end closed connection without response"
    },
    {
      "symbol": "002463.SZ",
      "source": "all",
      "error": "Remote end closed connection without response"
    },
    {
      "symbol": "002465.SZ",
      "source": "all",
      "error": "Remote end closed connection without response"
    },
    {
      "symbol": "002466.SZ",
      "source": "all",
      "error": "Remote end closed connection without response"
    },
    {
      "symbol": "002467.SZ",
      "source": "all",
      "error": "Remote end closed connection without response"
    }
  ],
  "warehouse": {
    "symbols": 7596,
    "aliases": 37782,
    "daily_bars": 1126147,
    "financial_metrics": 23511,
    "filings": 10946,
    "company_reports": 274,
    "community_posts": 424,
    "sentiment_evidence": 902,
    "sentiment_snapshots": 18,
    "community_sentiment_daily": 2,
    "latest_daily_bar": "2026-06-12"
  }
}
